skills/ASR/scripts/asr.ts(1,17): error TS2307: Cannot find module 'z-ai-web-dev-sdk' or its corresponding type declarations.
skills/frontend-design/examples/typescript/sample-components.tsx(107,11): error TS2430: Interface 'InputProps' incorrectly extends interface 'InputHTMLAttributes<HTMLInputElement>'.
  Types of property 'size' are incompatible.
    Type '"lg" | "md" | "sm" | undefined' is not assignable to type 'number | undefined'.
      Type 'string' is not assignable to type 'number'.
skills/frontend-design/examples/typescript/theme-provider.tsx(237,54): error TS2503: Cannot find namespace 'JSX'.
skills/image-generation/scripts/image-generation.ts(1,17): error TS2307: Cannot find module 'z-ai-web-dev-sdk' or its corresponding type declarations.
skills/LLM/scripts/chat.ts(1,34): error TS2307: Cannot find module 'z-ai-web-dev-sdk' or its corresponding type declarations.
skills/podcast-generate/generate.ts(13,17): error TS2307: Cannot find module 'z-ai-web-dev-sdk' or its corresponding type declarations.
skills/TTS/tts.ts(1,17): error TS2307: Cannot find module 'z-ai-web-dev-sdk' or its corresponding type declarations.
skills/video-generation/scripts/video.ts(1,17): error TS2307: Cannot find module 'z-ai-web-dev-sdk' or its corresponding type declarations.
skills/video-understand/scripts/video-understand.ts(1,36): error TS2307: Cannot find module 'z-ai-web-dev-sdk' or its corresponding type declarations.
skills/VLM/scripts/vlm.ts(1,36): error TS2307: Cannot find module 'z-ai-web-dev-sdk' or its corresponding type declarations.
skills/web-reader/scripts/web-reader.ts(1,17): error TS2307: Cannot find module 'z-ai-web-dev-sdk' or its corresponding type declarations.
skills/web-search/scripts/web_search.ts(1,17): error TS2307: Cannot find module 'z-ai-web-dev-sdk' or its corresponding type declarations.
src/components/ui/calendar.tsx(9,60): error TS2307: Cannot find module 'react-day-picker' or its corresponding type declarations.
src/components/ui/drawer.tsx(4,43): error TS2307: Cannot find module 'vaul' or its corresponding type declarations.
src/components/ui/resizable.tsx(5,37): error TS2307: Cannot find module 'react-resizable-panels' or its corresponding type declarations.
src/lib/db.ts(1,30): error TS2307: Cannot find module '@prisma/client' or its corresponding type declarations.
